16:14:34 **** Incremental Build of configuration Debug for project DMA ****
make -j16 all 
arm-none-eabi-gcc "../Src/DMA_PROGRAM.c" -mcpu=cortex-m3 -std=gnu11 -g3 -DSTM32 -DSTM32F1 -DSTM32F103C8Tx -DDEBUG -c -I../Inc -O0 -ffunction-sections -fdata-sections -Wall -fstack-usage -MMD -MP -MF"Src/DMA_PROGRAM.d" -MT"Src/DMA_PROGRAM.o" --specs=nano.specs -mfloat-abi=soft -mthumb -o "Src/DMA_PROGRAM.o"
arm-none-eabi-gcc -o "DMA.elf" @"objects.list"   -mcpu=cortex-m3 -T"D:\Embedded_System\Projects\STM32_Projects\DMA\STM32F103C8TX_FLASH.ld" --specs=nosys.specs -Wl,-Map="DMA.map" -Wl,--gc-sections -static --specs=nano.specs -mfloat-abi=soft -mthumb -Wl,--start-group -lc -lm -Wl,--end-group
Finished building target: DMA.elf
 
arm-none-eabi-objdump -h -S  DMA.elf  > "DMA.list"
arm-none-eabi-objcopy  -O binary  DMA.elf  "DMA.bin"
arm-none-eabi-size   DMA.elf 
   text	   data	    bss	    dec	    hex	filename
    648	     12	   1572	   2232	    8b8	DMA.elf
Finished building: default.size.stdout
 
Finished building: DMA.bin
Finished building: DMA.list
 
 

16:14:34 Build Finished. 0 errors, 0 warnings. (took 459ms)

