22:48:56 **** Incremental Build of configuration Debug for project DMA1 ****
make -j16 all 
arm-none-eabi-gcc "../Src/main.c" -mcpu=cortex-m3 -std=gnu11 -g3 -DSTM32 -DSTM32F1 -DSTM32F103C8Tx -DDEBUG -c -I../Inc -O0 -ffunction-sections -fdata-sections -Wall -fstack-usage -MMD -MP -MF"Src/main.d" -MT"Src/main.o" --specs=nano.specs -mfloat-abi=soft -mthumb -o "Src/main.o"
arm-none-eabi-gcc -o "DMA1.elf" @"objects.list"   -mcpu=cortex-m3 -T"D:\Embedded_System\Projects\STM32_Projects\DMA\STM32F103C8TX_FLASH.ld" --specs=nosys.specs -Wl,-Map="DMA1.map" -Wl,--gc-sections -static --specs=nano.specs -mfloat-abi=soft -mthumb -Wl,--start-group -lc -lm -Wl,--end-group
Finished building target: DMA1.elf
 
arm-none-eabi-size   DMA1.elf 
arm-none-eabi-objdump -h -S  DMA1.elf  > "DMA1.list"
arm-none-eabi-objcopy  -O binary  DMA1.elf  "DMA1.bin"
   text	   data	    bss	    dec	    hex	filename
   1320	     12	   1572	   2904	    b58	DMA1.elf
Finished building: default.size.stdout
 
Finished building: DMA1.bin
Finished building: DMA1.list
 
 
arm-none-eabi-objcopy -O ihex DMA1.elf DMA1.hex
 
