20:16:45 **** Incremental Build of configuration Debug for project GPIO ****
make -j16 all 
arm-none-eabi-gcc "../Src/RCC_PROGRAM.c" -mcpu=cortex-m3 -std=gnu11 -g3 -DSTM32 -DSTM32F1 -DSTM32F103C8Tx -DDEBUG -c -I../Inc -O0 -ffunction-sections -fdata-sections -Wall -fstack-usage -MMD -MP -MF"Src/RCC_PROGRAM.d" -MT"Src/RCC_PROGRAM.o" --specs=nano.specs -mfloat-abi=soft -mthumb -o "Src/RCC_PROGRAM.o"
arm-none-eabi-gcc -o "GPIO.elf" @"objects.list"   -mcpu=cortex-m3 -T"D:\Embedded_System\Projects\STM32_Projects\GPIO\STM32F103C8TX_FLASH.ld" --specs=nosys.specs -Wl,-Map="GPIO.map" -Wl,--gc-sections -static --specs=nano.specs -mfloat-abi=soft -mthumb -Wl,--start-group -lc -lm -Wl,--end-group
Finished building target: GPIO.elf
 
arm-none-eabi-size   GPIO.elf 
arm-none-eabi-objdump -h -S  GPIO.elf  > "GPIO.list"
arm-none-eabi-objcopy  -O binary  GPIO.elf  "GPIO.bin"
   text	   data	    bss	    dec	    hex	filename
    712	      8	   1568	   2288	    8f0	GPIO.elf
Finished building: default.size.stdout
 
Finished building: GPIO.bin
Finished building: GPIO.list
 
 
arm-none-eabi-objcopy -O ihex GPIO.elf GPIO.hex
 

20:16:46 Build Finished. 0 errors, 0 warnings. (took 1s.7ms)

